// Jest Snapshot v1, https://goo.gl/fbAQLP

exports[`render correctly Modal component 1`] = `<div />`;
